<?xml version="1.0" encoding="UTF-8"?>
<testsuites name="jest tests" tests="2" failures="0" time="7.454">
  <testsuite name="ONG" errors="0" failures="0" skipped="0" timestamp="2020-04-03T22:49:58" time="7.128" tests="1">
    <testcase classname="ONG should be able to create a new ONG" name="ONG should be able to create a new ONG" time="0.311">
    </testcase>
  </testsuite>
  <testsuite name="Generate Unique ID" errors="0" failures="0" skipped="0" timestamp="2020-04-03T22:50:05" time="0.223" tests="1">
    <testcase classname="Generate Unique ID Should generate an unique ID" name="Generate Unique ID Should generate an unique ID" time="0.005">
    </testcase>
  </testsuite>
</testsuites>